{
  "version": "1.5.0",
  "plugins_used": [
    {
      "name": "ArtifactoryDetector"
    },
    {
      "name": "AWSKeyDetector"
    },
    {
      "name": "AzureStorageKeyDetector"
    },
    {
      "name": "Base64HighEntropyString",
      "limit": 4.5
    },
    {
      "name": "BasicAuthDetector"
    },
    {
      "name": "CloudantDetector"
    },
    {
      "name": "DiscordBotTokenDetector"
    },
    {
      "name": "GitHubTokenDetector"
    },
    {
      "name": "GitLabTokenDetector"
    },
    {
      "name": "HexHighEntropyString",
      "limit": 3.0
    },
    {
      "name": "IbmCloudIamDetector"
    },
    {
      "name": "IbmCosHmacDetector"
    },
    {
      "name": "IPPublicDetector"
    },
    {
      "name": "JwtTokenDetector"
    },
    {
      "name": "KeywordDetector",
      "keyword_exclude": ""
    },
    {
      "name": "MailchimpDetector"
    },
    {
      "name": "NpmDetector"
    },
    {
      "name": "OpenAIDetector"
    },
    {
      "name": "PrivateKeyDetector"
    },
    {
      "name": "PypiTokenDetector"
    },
    {
      "name": "SendGridDetector"
    },
    {
      "name": "SlackDetector"
    },
    {
      "name": "SoftlayerDetector"
    },
    {
      "name": "SquareOAuthDetector"
    },
    {
      "name": "StripeDetector"
    },
    {
      "name": "TelegramBotTokenDetector"
    },
    {
      "name": "TwilioKeyDetector"
    }
  ],
  "filters_used": [
    {
      "path": "detect_secrets.filters.allowlist.is_line_allowlisted"
    },
    {
      "path": "detect_secrets.filters.common.is_baseline_file",
      "filename": ".secrets.baseline"
    },
    {
      "path": "detect_secrets.filters.common.is_ignored_due_to_verification_policies",
      "min_level": 2
    },
    {
      "path": "detect_secrets.filters.heuristic.is_indirect_reference"
    },
    {
      "path": "detect_secrets.filters.heuristic.is_likely_id_string"
    },
    {
      "path": "detect_secrets.filters.heuristic.is_lock_file"
    },
    {
      "path": "detect_secrets.filters.heuristic.is_not_alphanumeric_string"
    },
    {
      "path": "detect_secrets.filters.heuristic.is_potential_uuid"
    },
    {
      "path": "detect_secrets.filters.heuristic.is_prefixed_with_dollar_sign"
    },
    {
      "path": "detect_secrets.filters.heuristic.is_sequential_string"
    },
    {
      "path": "detect_secrets.filters.heuristic.is_swagger_file"
    },
    {
      "path": "detect_secrets.filters.heuristic.is_templated_secret"
    },
    {
      "path": "detect_secrets.filters.regex.should_exclude_file",
      "pattern": [
        "\\.venv"
      ]
    }
  ],
  "results": {
    ".github\\workflows\\ci.yml": [
      {
        "type": "Basic Auth Credentials",
        "filename": ".github\\workflows\\ci.yml",
        "hashed_secret": "3c72abbe626f27d174d80fc434b851cce7bde6d3",
        "is_verified": false,
        "line_number": 87
      },
      {
        "type": "Basic Auth Credentials",
        "filename": ".github\\workflows\\ci.yml",
        "hashed_secret": "329bd326e693b6cd252d84f8def9fd37d000f934",
        "is_verified": false,
        "line_number": 92
      }
    ],
    ".pytest_cache\\CACHEDIR.TAG": [
      {
        "type": "Hex High Entropy String",
        "filename": ".pytest_cache\\CACHEDIR.TAG",
        "hashed_secret": "e8f8c345877b2411a59897798e422b15b0c16d76",
        "is_verified": false,
        "line_number": 1
      }
    ],
    ".ruff_cache\\CACHEDIR.TAG": [
      {
        "type": "Hex High Entropy String",
        "filename": ".ruff_cache\\CACHEDIR.TAG",
        "hashed_secret": "e8f8c345877b2411a59897798e422b15b0c16d76",
        "is_verified": false,
        "line_number": 1
      }
    ],
    "apps\\api\\src\\platform_core\\config.py": [
      {
        "type": "Basic Auth Credentials",
        "filename": "apps\\api\\src\\platform_core\\config.py",
        "hashed_secret": "3c72abbe626f27d174d80fc434b851cce7bde6d3",
        "is_verified": false,
        "line_number": 22
      }
    ],
    "apps\\api\\tests\\integration\\test_rls_isolation.py": [
      {
        "type": "Basic Auth Credentials",
        "filename": "apps\\api\\tests\\integration\\test_rls_isolation.py",
        "hashed_secret": "329bd326e693b6cd252d84f8def9fd37d000f934",
        "is_verified": false,
        "line_number": 23
      },
      {
        "type": "Basic Auth Credentials",
        "filename": "apps\\api\\tests\\integration\\test_rls_isolation.py",
        "hashed_secret": "3c72abbe626f27d174d80fc434b851cce7bde6d3",
        "is_verified": false,
        "line_number": 27
      }
    ],
    "infra\\compose\\docker-compose.yml": [
      {
        "type": "Secret Keyword",
        "filename": "infra\\compose\\docker-compose.yml",
        "hashed_secret": "3c72abbe626f27d174d80fc434b851cce7bde6d3",
        "is_verified": false,
        "line_number": 9
      },
      {
        "type": "Secret Keyword",
        "filename": "infra\\compose\\docker-compose.yml",
        "hashed_secret": "bc565f6e909ec7d3c18e2ff5d9eeb2300ff20b7f",
        "is_verified": false,
        "line_number": 38
      },
      {
        "type": "Secret Keyword",
        "filename": "infra\\compose\\docker-compose.yml",
        "hashed_secret": "d033e22ae348aeb5660fc2140aec35850c4da997",
        "is_verified": false,
        "line_number": 55
      },
      {
        "type": "Basic Auth Credentials",
        "filename": "infra\\compose\\docker-compose.yml",
        "hashed_secret": "3c72abbe626f27d174d80fc434b851cce7bde6d3",
        "is_verified": false,
        "line_number": 68
      },
      {
        "type": "Secret Keyword",
        "filename": "infra\\compose\\docker-compose.yml",
        "hashed_secret": "ecc6d18465a602f42985608cdd04b71f669dbfac",
        "is_verified": false,
        "line_number": 83
      },
      {
        "type": "Secret Keyword",
        "filename": "infra\\compose\\docker-compose.yml",
        "hashed_secret": "491f0f717365f1921f14efb59881eea7bd566753",
        "is_verified": false,
        "line_number": 112
      },
      {
        "type": "Basic Auth Credentials",
        "filename": "infra\\compose\\docker-compose.yml",
        "hashed_secret": "ecc6d18465a602f42985608cdd04b71f669dbfac",
        "is_verified": false,
        "line_number": 114
      }
    ],
    ".secrets.baseline": [
      {
        "type": "Hex High Entropy String",
        "filename": ".secrets.baseline",
        "hashed_secret": "000000000000000000000000000000000000000000000000000000000000000000000000000000000000000000000000",
        "is_verified": false,
        "line_number": 140,
        "is_secret": false
      },
      {
        "type": "Secret Keyword",
        "filename": ".secrets.baseline",
        "hashed_secret": "000000000000000000000000000000000000000000000000000000000000000000000000000000000000000000000000",
        "is_verified": false,
        "line_number": 140,
        "is_secret": false
      },
      {
        "type": "Hex High Entropy String",
        "filename": ".secrets.baseline",
        "hashed_secret": "000000000000000000000000000000000000000000000000000000000000000000000000000000000000000000000000",
        "is_verified": false,
        "line_number": 147,
        "is_secret": false
      },
      {
        "type": "Secret Keyword",
        "filename": ".secrets.baseline",
        "hashed_secret": "000000000000000000000000000000000000000000000000000000000000000000000000000000000000000000000000",
        "is_verified": false,
        "line_number": 147,
        "is_secret": false
      },
      {
        "type": "Hex High Entropy String",
        "filename": ".secrets.baseline",
        "hashed_secret": "000000000000000000000000000000000000000000000000000000000000000000000000000000000000000000000000",
        "is_verified": false,
        "line_number": 156,
        "is_secret": false
      },
      {
        "type": "Secret Keyword",
        "filename": ".secrets.baseline",
        "hashed_secret": "000000000000000000000000000000000000000000000000000000000000000000000000000000000000000000000000",
        "is_verified": false,
        "line_number": 156,
        "is_secret": false
      },
      {
        "type": "Hex High Entropy String",
        "filename": ".secrets.baseline",
        "hashed_secret": "000000000000000000000000000000000000000000000000000000000000000000000000000000000000000000000000",
        "is_verified": false,
        "line_number": 206,
        "is_secret": false
      },
      {
        "type": "Secret Keyword",
        "filename": ".secrets.baseline",
        "hashed_secret": "000000000000000000000000000000000000000000000000000000000000000000000000000000000000000000000000",
        "is_verified": false,
        "line_number": 206,
        "is_secret": false
      },
      {
        "type": "Hex High Entropy String",
        "filename": ".secrets.baseline",
        "hashed_secret": "000000000000000000000000000000000000000000000000000000000000000000000000000000000000000000000000",
        "is_verified": false,
        "line_number": 213,
        "is_secret": false
      },
      {
        "type": "Secret Keyword",
        "filename": ".secrets.baseline",
        "hashed_secret": "000000000000000000000000000000000000000000000000000000000000000000000000000000000000000000000000",
        "is_verified": false,
        "line_number": 213,
        "is_secret": false
      },
      {
        "type": "Hex High Entropy String",
        "filename": ".secrets.baseline",
        "hashed_secret": "000000000000000000000000000000000000000000000000000000000000000000000000000000000000000000000000",
        "is_verified": false,
        "line_number": 227,
        "is_secret": false
      },
      {
        "type": "Secret Keyword",
        "filename": ".secrets.baseline",
        "hashed_secret": "000000000000000000000000000000000000000000000000000000000000000000000000000000000000000000000000",
        "is_verified": false,
        "line_number": 227,
        "is_secret": false
      },
      {
        "type": "Hex High Entropy String",
        "filename": ".secrets.baseline",
        "hashed_secret": "000000000000000000000000000000000000000000000000000000000000000000000000000000000000000000000000",
        "is_verified": false,
        "line_number": 234,
        "is_secret": false
      },
      {
        "type": "Secret Keyword",
        "filename": ".secrets.baseline",
        "hashed_secret": "000000000000000000000000000000000000000000000000000000000000000000000000000000000000000000000000",
        "is_verified": false,
        "line_number": 234,
        "is_secret": false
      }
    ],
    "apps\\api\\tests\\integration\\test_outbox.py": [
      {
        "type": "Basic Auth Credentials",
        "filename": "apps\\api\\tests\\integration\\test_outbox.py",
        "hashed_secret": "000000000000000000000000000000000000000000000000000000000000000000000000000000000000000000000000",
        "is_verified": false,
        "line_number": 20,
        "is_secret": false
      },
      {
        "type": "Basic Auth Credentials",
        "filename": "apps\\api\\tests\\integration\\test_outbox.py",
        "hashed_secret": "000000000000000000000000000000000000000000000000000000000000000000000000000000000000000000000000",
        "is_verified": false,
        "line_number": 53,
        "is_secret": false
      }
    ],
    "apps\\api\\tests\\integration\\test_webhook_ingest.py": [
      {
        "type": "Basic Auth Credentials",
        "filename": "apps\\api\\tests\\integration\\test_webhook_ingest.py",
        "hashed_secret": "000000000000000000000000000000000000000000000000000000000000000000000000000000000000000000000000",
        "is_verified": false,
        "line_number": 29,
        "is_secret": false
      }
    ],
    "apps\\api\\tests\\integration\\test_case_service.py": [
      {
        "type": "Basic Auth Credentials",
        "filename": "apps\\api\\tests\\integration\\test_case_service.py",
        "hashed_secret": "000000000000000000000000000000000000000000000000000000000000000000000000000000000000000000000000",
        "is_verified": false,
        "line_number": 14,
        "is_secret": false
      },
      {
        "type": "Basic Auth Credentials",
        "filename": "apps\\api\\tests\\integration\\test_case_service.py",
        "hashed_secret": "000000000000000000000000000000000000000000000000000000000000000000000000000000000000000000000000",
        "is_verified": false,
        "line_number": 16,
        "is_secret": false
      }
    ],
    "apps\\api\\tests\\integration\\test_control_lease.py": [
      {
        "type": "Basic Auth Credentials",
        "filename": "apps\\api\\tests\\integration\\test_control_lease.py",
        "hashed_secret": "000000000000000000000000000000000000000000000000000000000000000000000000000000000000000000000000",
        "is_verified": false,
        "line_number": 23,
        "is_secret": false
      },
      {
        "type": "Basic Auth Credentials",
        "filename": "apps\\api\\tests\\integration\\test_control_lease.py",
        "hashed_secret": "000000000000000000000000000000000000000000000000000000000000000000000000000000000000000000000000",
        "is_verified": false,
        "line_number": 25,
        "is_secret": false
      }
    ],
    "apps\\api\\tests\\integration\\test_e2e_acceptance.py": [
      {
        "type": "Basic Auth Credentials",
        "filename": "apps\\api\\tests\\integration\\test_e2e_acceptance.py",
        "hashed_secret": "000000000000000000000000000000000000000000000000000000000000000000000000000000000000000000000000",
        "is_verified": false,
        "line_number": 28,
        "is_secret": false
      },
      {
        "type": "Basic Auth Credentials",
        "filename": "apps\\api\\tests\\integration\\test_e2e_acceptance.py",
        "hashed_secret": "000000000000000000000000000000000000000000000000000000000000000000000000000000000000000000000000",
        "is_verified": false,
        "line_number": 30,
        "is_secret": false
      }
    ],
    "apps\\api\\tests\\integration\\test_hybrid_retrieval.py": [
      {
        "type": "Basic Auth Credentials",
        "filename": "apps\\api\\tests\\integration\\test_hybrid_retrieval.py",
        "hashed_secret": "000000000000000000000000000000000000000000000000000000000000000000000000000000000000000000000000",
        "is_verified": false,
        "line_number": 21,
        "is_secret": false
      },
      {
        "type": "Basic Auth Credentials",
        "filename": "apps\\api\\tests\\integration\\test_hybrid_retrieval.py",
        "hashed_secret": "000000000000000000000000000000000000000000000000000000000000000000000000000000000000000000000000",
        "is_verified": false,
        "line_number": 23,
        "is_secret": false
      }
    ],
    "apps\\api\\tests\\integration\\test_knowledge_acl.py": [
      {
        "type": "Basic Auth Credentials",
        "filename": "apps\\api\\tests\\integration\\test_knowledge_acl.py",
        "hashed_secret": "000000000000000000000000000000000000000000000000000000000000000000000000000000000000000000000000",
        "is_verified": false,
        "line_number": 20,
        "is_secret": false
      },
      {
        "type": "Basic Auth Credentials",
        "filename": "apps\\api\\tests\\integration\\test_knowledge_acl.py",
        "hashed_secret": "000000000000000000000000000000000000000000000000000000000000000000000000000000000000000000000000",
        "is_verified": false,
        "line_number": 22,
        "is_secret": false
      }
    ],
    "apps\\api\\tests\\integration\\test_knowledge_models.py": [
      {
        "type": "Basic Auth Credentials",
        "filename": "apps\\api\\tests\\integration\\test_knowledge_models.py",
        "hashed_secret": "000000000000000000000000000000000000000000000000000000000000000000000000000000000000000000000000",
        "is_verified": false,
        "line_number": 18,
        "is_secret": false
      },
      {
        "type": "Basic Auth Credentials",
        "filename": "apps\\api\\tests\\integration\\test_knowledge_models.py",
        "hashed_secret": "000000000000000000000000000000000000000000000000000000000000000000000000000000000000000000000000",
        "is_verified": false,
        "line_number": 20,
        "is_secret": false
      }
    ],
    "apps\\api\\tests\\integration\\test_audit_api.py": [
      {
        "type": "Basic Auth Credentials",
        "filename": "apps\\api\\tests\\integration\\test_audit_api.py",
        "hashed_secret": "000000000000000000000000000000000000000000000000000000000000000000000000000000000000000000000000",
        "is_verified": false,
        "line_number": 21,
        "is_secret": false
      }
    ],
    "apps\\api\\tests\\integration\\test_audit_service.py": [
      {
        "type": "Basic Auth Credentials",
        "filename": "apps\\api\\tests\\integration\\test_audit_service.py",
        "hashed_secret": "000000000000000000000000000000000000000000000000000000000000000000000000000000000000000000000000",
        "is_verified": false,
        "line_number": 14,
        "is_secret": false
      },
      {
        "type": "Basic Auth Credentials",
        "filename": "apps\\api\\tests\\integration\\test_audit_service.py",
        "hashed_secret": "000000000000000000000000000000000000000000000000000000000000000000000000000000000000000000000000",
        "is_verified": false,
        "line_number": 16,
        "is_secret": false
      }
    ],
    "apps\\api\\tests\\integration\\test_cross_tenant_negative.py": [
      {
        "type": "Basic Auth Credentials",
        "filename": "apps\\api\\tests\\integration\\test_cross_tenant_negative.py",
        "hashed_secret": "000000000000000000000000000000000000000000000000000000000000000000000000000000000000000000000000",
        "is_verified": false,
        "line_number": 18,
        "is_secret": false
      },
      {
        "type": "Basic Auth Credentials",
        "filename": "apps\\api\\tests\\integration\\test_cross_tenant_negative.py",
        "hashed_secret": "000000000000000000000000000000000000000000000000000000000000000000000000000000000000000000000000",
        "is_verified": false,
        "line_number": 20,
        "is_secret": false
      }
    ],
    "apps\\api\\tests\\unit\\tool_gateway\\test_gateway.py": [
      {
        "type": "Secret Keyword",
        "filename": "apps\\api\\tests\\unit\\tool_gateway\\test_gateway.py",
        "hashed_secret": "000000000000000000000000000000000000000000000000000000000000000000000000000000000000000000000000",
        "is_verified": false,
        "line_number": 159,
        "is_secret": false
      },
      {
        "type": "Secret Keyword",
        "filename": "apps\\api\\tests\\unit\\tool_gateway\\test_gateway.py",
        "hashed_secret": "000000000000000000000000000000000000000000000000000000000000000000000000000000000000000000000000",
        "is_verified": false,
        "line_number": 160,
        "is_secret": false
      }
    ]
  },
  "generated_at": "2026-09-15T18:29:43Z"
}