{
  "version": "1.5.0",
  "plugins_used": [
    {
      "name": "ArtifactoryDetector"
    },
    {
      "name": "AWSKeyDetector"
    },
    {
      "name": "AzureStorageKeyDetector"
    },
    {
      "name": "Base64HighEntropyString",
      "limit": 4.5
    },
    {
      "name": "BasicAuthDetector"
    },
    {
      "name": "CloudantDetector"
    },
    {
      "name": "DiscordBotTokenDetector"
    },
    {
      "name": "GitHubTokenDetector"
    },
    {
      "name": "GitLabTokenDetector"
    },
    {
      "name": "HexHighEntropyString",
      "limit": 3.0
    },
    {
      "name": "IbmCloudIamDetector"
    },
    {
      "name": "IbmCosHmacDetector"
    },
    {
      "name": "IPPublicDetector"
    },
    {
      "name": "JwtTokenDetector"
    },
    {
      "name": "KeywordDetector",
      "keyword_exclude": ""
    },
    {
      "name": "MailchimpDetector"
    },
    {
      "name": "NpmDetector"
    },
    {
      "name": "OpenAIDetector"
    },
    {
      "name": "PrivateKeyDetector"
    },
    {
      "name": "PypiTokenDetector"
    },
    {
      "name": "SendGridDetector"
    },
    {
      "name": "SlackDetector"
    },
    {
      "name": "SoftlayerDetector"
    },
    {
      "name": "SquareOAuthDetector"
    },
    {
      "name": "StripeDetector"
    },
    {
      "name": "TelegramBotTokenDetector"
    },
    {
      "name": "TwilioKeyDetector"
    }
  ],
  "filters_used": [
    {
      "path": "detect_secrets.filters.allowlist.is_line_allowlisted"
    },
    {
      "path": "detect_secrets.filters.common.is_baseline_file",
      "filename": ".secrets.baseline"
    },
    {
      "path": "detect_secrets.filters.common.is_ignored_due_to_verification_policies",
      "min_level": 2
    },
    {
      "path": "detect_secrets.filters.heuristic.is_indirect_reference"
    },
    {
      "path": "detect_secrets.filters.heuristic.is_likely_id_string"
    },
    {
      "path": "detect_secrets.filters.heuristic.is_lock_file"
    },
    {
      "path": "detect_secrets.filters.heuristic.is_not_alphanumeric_string"
    },
    {
      "path": "detect_secrets.filters.heuristic.is_potential_uuid"
    },
    {
      "path": "detect_secrets.filters.heuristic.is_prefixed_with_dollar_sign"
    },
    {
      "path": "detect_secrets.filters.heuristic.is_sequential_string"
    },
    {
      "path": "detect_secrets.filters.heuristic.is_swagger_file"
    },
    {
      "path": "detect_secrets.filters.heuristic.is_templated_secret"
    },
    {
      "path": "detect_secrets.filters.regex.should_exclude_file",
      "pattern": [
        "\\.venv",
        "\\.lock$",
        "package-lock\\.json$"
      ]
    }
  ],
  "results": {
    ".env.example": [
      {
        "type": "Basic Auth Credentials",
        "filename": ".env.example",
        "hashed_secret": "3c72abbe626f27d174d80fc434b851cce7bde6d3",
        "is_verified": false,
        "line_number": 8
      }
    ],
    ".github\\workflows\\ci.yml": [
      {
        "type": "Basic Auth Credentials",
        "filename": ".github\\workflows\\ci.yml",
        "hashed_secret": "3c72abbe626f27d174d80fc434b851cce7bde6d3",
        "is_verified": false,
        "line_number": 169
      },
      {
        "type": "Basic Auth Credentials",
        "filename": ".github\\workflows\\ci.yml",
        "hashed_secret": "329bd326e693b6cd252d84f8def9fd37d000f934",
        "is_verified": false,
        "line_number": 191
      },
      {
        "type": "Secret Keyword",
        "filename": ".github\\workflows\\ci.yml",
        "hashed_secret": "3c11298cce03ce2677fd9aa195e268a9c0230c07",
        "is_verified": false,
        "line_number": 307
      }
    ],
    "apps\\api\\src\\platform_core\\config.py": [
      {
        "type": "Basic Auth Credentials",
        "filename": "apps\\api\\src\\platform_core\\config.py",
        "hashed_secret": "3c72abbe626f27d174d80fc434b851cce7bde6d3",
        "is_verified": false,
        "line_number": 24
      }
    ],
    "apps\\api\\tests\\integration\\test_ab_experiments.py": [
      {
        "type": "Basic Auth Credentials",
        "filename": "apps\\api\\tests\\integration\\test_ab_experiments.py",
        "hashed_secret": "3c72abbe626f27d174d80fc434b851cce7bde6d3",
        "is_verified": false,
        "line_number": 30
      },
      {
        "type": "Basic Auth Credentials",
        "filename": "apps\\api\\tests\\integration\\test_ab_experiments.py",
        "hashed_secret": "329bd326e693b6cd252d84f8def9fd37d000f934",
        "is_verified": false,
        "line_number": 32
      }
    ],
    "apps\\api\\tests\\integration\\test_abandoned_runs.py": [
      {
        "type": "Basic Auth Credentials",
        "filename": "apps\\api\\tests\\integration\\test_abandoned_runs.py",
        "hashed_secret": "3c72abbe626f27d174d80fc434b851cce7bde6d3",
        "is_verified": false,
        "line_number": 54
      },
      {
        "type": "Basic Auth Credentials",
        "filename": "apps\\api\\tests\\integration\\test_abandoned_runs.py",
        "hashed_secret": "329bd326e693b6cd252d84f8def9fd37d000f934",
        "is_verified": false,
        "line_number": 56
      }
    ],
    "apps\\api\\tests\\integration\\test_account_contact_routing.py": [
      {
        "type": "Basic Auth Credentials",
        "filename": "apps\\api\\tests\\integration\\test_account_contact_routing.py",
        "hashed_secret": "3c72abbe626f27d174d80fc434b851cce7bde6d3",
        "is_verified": false,
        "line_number": 33
      },
      {
        "type": "Basic Auth Credentials",
        "filename": "apps\\api\\tests\\integration\\test_account_contact_routing.py",
        "hashed_secret": "329bd326e693b6cd252d84f8def9fd37d000f934",
        "is_verified": false,
        "line_number": 35
      }
    ],
    "apps\\api\\tests\\integration\\test_account_contacts_http.py": [
      {
        "type": "Basic Auth Credentials",
        "filename": "apps\\api\\tests\\integration\\test_account_contacts_http.py",
        "hashed_secret": "3c72abbe626f27d174d80fc434b851cce7bde6d3",
        "is_verified": false,
        "line_number": 32
      }
    ],
    "apps\\api\\tests\\integration\\test_account_profile.py": [
      {
        "type": "Basic Auth Credentials",
        "filename": "apps\\api\\tests\\integration\\test_account_profile.py",
        "hashed_secret": "3c72abbe626f27d174d80fc434b851cce7bde6d3",
        "is_verified": false,
        "line_number": 36
      },
      {
        "type": "Basic Auth Credentials",
        "filename": "apps\\api\\tests\\integration\\test_account_profile.py",
        "hashed_secret": "329bd326e693b6cd252d84f8def9fd37d000f934",
        "is_verified": false,
        "line_number": 38
      }
    ],
    "apps\\api\\tests\\integration\\test_agent_assignment.py": [
      {
        "type": "Basic Auth Credentials",
        "filename": "apps\\api\\tests\\integration\\test_agent_assignment.py",
        "hashed_secret": "3c72abbe626f27d174d80fc434b851cce7bde6d3",
        "is_verified": false,
        "line_number": 31
      },
      {
        "type": "Basic Auth Credentials",
        "filename": "apps\\api\\tests\\integration\\test_agent_assignment.py",
        "hashed_secret": "329bd326e693b6cd252d84f8def9fd37d000f934",
        "is_verified": false,
        "line_number": 33
      }
    ],
    "apps\\api\\tests\\integration\\test_agent_complaint_handoff.py": [
      {
        "type": "Basic Auth Credentials",
        "filename": "apps\\api\\tests\\integration\\test_agent_complaint_handoff.py",
        "hashed_secret": "3c72abbe626f27d174d80fc434b851cce7bde6d3",
        "is_verified": false,
        "line_number": 34
      },
      {
        "type": "Basic Auth Credentials",
        "filename": "apps\\api\\tests\\integration\\test_agent_complaint_handoff.py",
        "hashed_secret": "329bd326e693b6cd252d84f8def9fd37d000f934",
        "is_verified": false,
        "line_number": 36
      }
    ],
    "apps\\api\\tests\\integration\\test_agent_performance.py": [
      {
        "type": "Basic Auth Credentials",
        "filename": "apps\\api\\tests\\integration\\test_agent_performance.py",
        "hashed_secret": "3c72abbe626f27d174d80fc434b851cce7bde6d3",
        "is_verified": false,
        "line_number": 31
      },
      {
        "type": "Basic Auth Credentials",
        "filename": "apps\\api\\tests\\integration\\test_agent_performance.py",
        "hashed_secret": "329bd326e693b6cd252d84f8def9fd37d000f934",
        "is_verified": false,
        "line_number": 33
      }
    ],
    "apps\\api\\tests\\integration\\test_agent_reply.py": [
      {
        "type": "Basic Auth Credentials",
        "filename": "apps\\api\\tests\\integration\\test_agent_reply.py",
        "hashed_secret": "3c72abbe626f27d174d80fc434b851cce7bde6d3",
        "is_verified": false,
        "line_number": 31
      },
      {
        "type": "Basic Auth Credentials",
        "filename": "apps\\api\\tests\\integration\\test_agent_reply.py",
        "hashed_secret": "329bd326e693b6cd252d84f8def9fd37d000f934",
        "is_verified": false,
        "line_number": 33
      }
    ],
    "apps\\api\\tests\\integration\\test_agent_write_path.py": [
      {
        "type": "Basic Auth Credentials",
        "filename": "apps\\api\\tests\\integration\\test_agent_write_path.py",
        "hashed_secret": "3c72abbe626f27d174d80fc434b851cce7bde6d3",
        "is_verified": false,
        "line_number": 36
      },
      {
        "type": "Basic Auth Credentials",
        "filename": "apps\\api\\tests\\integration\\test_agent_write_path.py",
        "hashed_secret": "329bd326e693b6cd252d84f8def9fd37d000f934",
        "is_verified": false,
        "line_number": 38
      }
    ],
    "apps\\api\\tests\\integration\\test_answer_corrections.py": [
      {
        "type": "Basic Auth Credentials",
        "filename": "apps\\api\\tests\\integration\\test_answer_corrections.py",
        "hashed_secret": "3c72abbe626f27d174d80fc434b851cce7bde6d3",
        "is_verified": false,
        "line_number": 26
      }
    ],
    "apps\\api\\tests\\integration\\test_audit_api.py": [
      {
        "type": "Basic Auth Credentials",
        "filename": "apps\\api\\tests\\integration\\test_audit_api.py",
        "hashed_secret": "3c72abbe626f27d174d80fc434b851cce7bde6d3",
        "is_verified": false,
        "line_number": 20
      }
    ],
    "apps\\api\\tests\\integration\\test_audit_service.py": [
      {
        "type": "Basic Auth Credentials",
        "filename": "apps\\api\\tests\\integration\\test_audit_service.py",
        "hashed_secret": "3c72abbe626f27d174d80fc434b851cce7bde6d3",
        "is_verified": false,
        "line_number": 14
      },
      {
        "type": "Basic Auth Credentials",
        "filename": "apps\\api\\tests\\integration\\test_audit_service.py",
        "hashed_secret": "329bd326e693b6cd252d84f8def9fd37d000f934",
        "is_verified": false,
        "line_number": 16
      }
    ],
    "apps\\api\\tests\\integration\\test_auth_http_entry.py": [
      {
        "type": "Basic Auth Credentials",
        "filename": "apps\\api\\tests\\integration\\test_auth_http_entry.py",
        "hashed_secret": "3c72abbe626f27d174d80fc434b851cce7bde6d3",
        "is_verified": false,
        "line_number": 45
      },
      {
        "type": "Basic Auth Credentials",
        "filename": "apps\\api\\tests\\integration\\test_auth_http_entry.py",
        "hashed_secret": "329bd326e693b6cd252d84f8def9fd37d000f934",
        "is_verified": false,
        "line_number": 49
      }
    ],
    "apps\\api\\tests\\integration\\test_billing_ledger.py": [
      {
        "type": "Basic Auth Credentials",
        "filename": "apps\\api\\tests\\integration\\test_billing_ledger.py",
        "hashed_secret": "3c72abbe626f27d174d80fc434b851cce7bde6d3",
        "is_verified": false,
        "line_number": 32
      },
      {
        "type": "Basic Auth Credentials",
        "filename": "apps\\api\\tests\\integration\\test_billing_ledger.py",
        "hashed_secret": "329bd326e693b6cd252d84f8def9fd37d000f934",
        "is_verified": false,
        "line_number": 34
      }
    ],
    "apps\\api\\tests\\integration\\test_business_read_receipt.py": [
      {
        "type": "Basic Auth Credentials",
        "filename": "apps\\api\\tests\\integration\\test_business_read_receipt.py",
        "hashed_secret": "3c72abbe626f27d174d80fc434b851cce7bde6d3",
        "is_verified": false,
        "line_number": 32
      },
      {
        "type": "Basic Auth Credentials",
        "filename": "apps\\api\\tests\\integration\\test_business_read_receipt.py",
        "hashed_secret": "329bd326e693b6cd252d84f8def9fd37d000f934",
        "is_verified": false,
        "line_number": 34
      }
    ],
    "apps\\api\\tests\\integration\\test_canned_replies.py": [
      {
        "type": "Basic Auth Credentials",
        "filename": "apps\\api\\tests\\integration\\test_canned_replies.py",
        "hashed_secret": "3c72abbe626f27d174d80fc434b851cce7bde6d3",
        "is_verified": false,
        "line_number": 32
      },
      {
        "type": "Basic Auth Credentials",
        "filename": "apps\\api\\tests\\integration\\test_canned_replies.py",
        "hashed_secret": "329bd326e693b6cd252d84f8def9fd37d000f934",
        "is_verified": false,
        "line_number": 34
      }
    ],
    "apps\\api\\tests\\integration\\test_case_attachments.py": [
      {
        "type": "Basic Auth Credentials",
        "filename": "apps\\api\\tests\\integration\\test_case_attachments.py",
        "hashed_secret": "3c72abbe626f27d174d80fc434b851cce7bde6d3",
        "is_verified": false,
        "line_number": 27
      }
    ],
    "apps\\api\\tests\\integration\\test_case_create_tool.py": [
      {
        "type": "Basic Auth Credentials",
        "filename": "apps\\api\\tests\\integration\\test_case_create_tool.py",
        "hashed_secret": "3c72abbe626f27d174d80fc434b851cce7bde6d3",
        "is_verified": false,
        "line_number": 38
      }
    ],
    "apps\\api\\tests\\integration\\test_case_eq_confirm_tool.py": [
      {
        "type": "Basic Auth Credentials",
        "filename": "apps\\api\\tests\\integration\\test_case_eq_confirm_tool.py",
        "hashed_secret": "3c72abbe626f27d174d80fc434b851cce7bde6d3",
        "is_verified": false,
        "line_number": 32
      }
    ],
    "apps\\api\\tests\\integration\\test_case_read_tool.py": [
      {
        "type": "Basic Auth Credentials",
        "filename": "apps\\api\\tests\\integration\\test_case_read_tool.py",
        "hashed_secret": "3c72abbe626f27d174d80fc434b851cce7bde6d3",
        "is_verified": false,
        "line_number": 16
      }
    ],
    "apps\\api\\tests\\integration\\test_case_service.py": [
      {
        "type": "Basic Auth Credentials",
        "filename": "apps\\api\\tests\\integration\\test_case_service.py",
        "hashed_secret": "3c72abbe626f27d174d80fc434b851cce7bde6d3",
        "is_verified": false,
        "line_number": 14
      },
      {
        "type": "Basic Auth Credentials",
        "filename": "apps\\api\\tests\\integration\\test_case_service.py",
        "hashed_secret": "329bd326e693b6cd252d84f8def9fd37d000f934",
        "is_verified": false,
        "line_number": 16
      }
    ],
    "apps\\api\\tests\\integration\\test_case_transfer.py": [
      {
        "type": "Basic Auth Credentials",
        "filename": "apps\\api\\tests\\integration\\test_case_transfer.py",
        "hashed_secret": "3c72abbe626f27d174d80fc434b851cce7bde6d3",
        "is_verified": false,
        "line_number": 39
      },
      {
        "type": "Basic Auth Credentials",
        "filename": "apps\\api\\tests\\integration\\test_case_transfer.py",
        "hashed_secret": "329bd326e693b6cd252d84f8def9fd37d000f934",
        "is_verified": false,
        "line_number": 41
      }
    ],
    "apps\\api\\tests\\integration\\test_case_workbench.py": [
      {
        "type": "Basic Auth Credentials",
        "filename": "apps\\api\\tests\\integration\\test_case_workbench.py",
        "hashed_secret": "3c72abbe626f27d174d80fc434b851cce7bde6d3",
        "is_verified": false,
        "line_number": 27
      }
    ],
    "apps\\api\\tests\\integration\\test_channel_and_timeline.py": [
      {
        "type": "Basic Auth Credentials",
        "filename": "apps\\api\\tests\\integration\\test_channel_and_timeline.py",
        "hashed_secret": "3c72abbe626f27d174d80fc434b851cce7bde6d3",
        "is_verified": false,
        "line_number": 33
      },
      {
        "type": "Basic Auth Credentials",
        "filename": "apps\\api\\tests\\integration\\test_channel_and_timeline.py",
        "hashed_secret": "329bd326e693b6cd252d84f8def9fd37d000f934",
        "is_verified": false,
        "line_number": 35
      }
    ],
    "apps\\api\\tests\\integration\\test_channel_webhooks.py": [
      {
        "type": "Basic Auth Credentials",
        "filename": "apps\\api\\tests\\integration\\test_channel_webhooks.py",
        "hashed_secret": "3c72abbe626f27d174d80fc434b851cce7bde6d3",
        "is_verified": false,
        "line_number": 38
      },
      {
        "type": "Secret Keyword",
        "filename": "apps\\api\\tests\\integration\\test_channel_webhooks.py",
        "hashed_secret": "d0f9dfd71e98a50d3ad2c8bb75c4165745b9bd4b",
        "is_verified": false,
        "line_number": 51
      },
      {
        "type": "Secret Keyword",
        "filename": "apps\\api\\tests\\integration\\test_channel_webhooks.py",
        "hashed_secret": "10b9f29dc3f8b4d2f82cd555165a412a197d7310",
        "is_verified": false,
        "line_number": 52
      },
      {
        "type": "Secret Keyword",
        "filename": "apps\\api\\tests\\integration\\test_channel_webhooks.py",
        "hashed_secret": "525235cbcfa7e94b2455e9c4006472ae2331cbb7",
        "is_verified": false,
        "line_number": 315
      }
    ],
    "apps\\api\\tests\\integration\\test_compliance_export.py": [
      {
        "type": "Basic Auth Credentials",
        "filename": "apps\\api\\tests\\integration\\test_compliance_export.py",
        "hashed_secret": "3c72abbe626f27d174d80fc434b851cce7bde6d3",
        "is_verified": false,
        "line_number": 34
      },
      {
        "type": "Basic Auth Credentials",
        "filename": "apps\\api\\tests\\integration\\test_compliance_export.py",
        "hashed_secret": "329bd326e693b6cd252d84f8def9fd37d000f934",
        "is_verified": false,
        "line_number": 38
      }
    ],
    "apps\\api\\tests\\integration\\test_connector_health.py": [
      {
        "type": "Basic Auth Credentials",
        "filename": "apps\\api\\tests\\integration\\test_connector_health.py",
        "hashed_secret": "3c72abbe626f27d174d80fc434b851cce7bde6d3",
        "is_verified": false,
        "line_number": 31
      },
      {
        "type": "Basic Auth Credentials",
        "filename": "apps\\api\\tests\\integration\\test_connector_health.py",
        "hashed_secret": "329bd326e693b6cd252d84f8def9fd37d000f934",
        "is_verified": false,
        "line_number": 33
      }
    ],
    "apps\\api\\tests\\integration\\test_connector_sync.py": [
      {
        "type": "Basic Auth Credentials",
        "filename": "apps\\api\\tests\\integration\\test_connector_sync.py",
        "hashed_secret": "3c72abbe626f27d174d80fc434b851cce7bde6d3",
        "is_verified": false,
        "line_number": 33
      }
    ],
    "apps\\api\\tests\\integration\\test_connector_webhook.py": [
      {
        "type": "Basic Auth Credentials",
        "filename": "apps\\api\\tests\\integration\\test_connector_webhook.py",
        "hashed_secret": "3c72abbe626f27d174d80fc434b851cce7bde6d3",
        "is_verified": false,
        "line_number": 38
      },
      {
        "type": "Basic Auth Credentials",
        "filename": "apps\\api\\tests\\integration\\test_connector_webhook.py",
        "hashed_secret": "329bd326e693b6cd252d84f8def9fd37d000f934",
        "is_verified": false,
        "line_number": 40
      },
      {
        "type": "Secret Keyword",
        "filename": "apps\\api\\tests\\integration\\test_connector_webhook.py",
        "hashed_secret": "9288d315c682d0d46fe84390d10c9b0cba5788ed",
        "is_verified": false,
        "line_number": 45
      },
      {
        "type": "Secret Keyword",
        "filename": "apps\\api\\tests\\integration\\test_connector_webhook.py",
        "hashed_secret": "8a6078eb8b52eb4c349dcee1bd48570e05f04d76",
        "is_verified": false,
        "line_number": 46
      }
    ],
    "apps\\api\\tests\\integration\\test_control_lease.py": [
      {
        "type": "Basic Auth Credentials",
        "filename": "apps\\api\\tests\\integration\\test_control_lease.py",
        "hashed_secret": "3c72abbe626f27d174d80fc434b851cce7bde6d3",
        "is_verified": false,
        "line_number": 23
      },
      {
        "type": "Basic Auth Credentials",
        "filename": "apps\\api\\tests\\integration\\test_control_lease.py",
        "hashed_secret": "329bd326e693b6cd252d84f8def9fd37d000f934",
        "is_verified": false,
        "line_number": 25
      }
    ],
    "apps\\api\\tests\\integration\\test_conversation_continuity.py": [
      {
        "type": "Basic Auth Credentials",
        "filename": "apps\\api\\tests\\integration\\test_conversation_continuity.py",
        "hashed_secret": "3c72abbe626f27d174d80fc434b851cce7bde6d3",
        "is_verified": false,
        "line_number": 35
      },
      {
        "type": "Basic Auth Credentials",
        "filename": "apps\\api\\tests\\integration\\test_conversation_continuity.py",
        "hashed_secret": "329bd326e693b6cd252d84f8def9fd37d000f934",
        "is_verified": false,
        "line_number": 37
      }
    ],
    "apps\\api\\tests\\integration\\test_conversation_replay.py": [
      {
        "type": "Basic Auth Credentials",
        "filename": "apps\\api\\tests\\integration\\test_conversation_replay.py",
        "hashed_secret": "3c72abbe626f27d174d80fc434b851cce7bde6d3",
        "is_verified": false,
        "line_number": 48
      },
      {
        "type": "Basic Auth Credentials",
        "filename": "apps\\api\\tests\\integration\\test_conversation_replay.py",
        "hashed_secret": "329bd326e693b6cd252d84f8def9fd37d000f934",
        "is_verified": false,
        "line_number": 50
      }
    ],
    "apps\\api\\tests\\integration\\test_cross_tenant_leak_surfaces.py": [
      {
        "type": "Basic Auth Credentials",
        "filename": "apps\\api\\tests\\integration\\test_cross_tenant_leak_surfaces.py",
        "hashed_secret": "3c72abbe626f27d174d80fc434b851cce7bde6d3",
        "is_verified": false,
        "line_number": 44
      },
      {
        "type": "Secret Keyword",
        "filename": "apps\\api\\tests\\integration\\test_cross_tenant_leak_surfaces.py",
        "hashed_secret": "a71a80802152cf247a14e05178df7d896adf330c",
        "is_verified": false,
        "line_number": 64
      },
      {
        "type": "Basic Auth Credentials",
        "filename": "apps\\api\\tests\\integration\\test_cross_tenant_leak_surfaces.py",
        "hashed_secret": "329bd326e693b6cd252d84f8def9fd37d000f934",
        "is_verified": false,
        "line_number": 381
      }
    ],
    "apps\\api\\tests\\integration\\test_cross_tenant_negative.py": [
      {
        "type": "Basic Auth Credentials",
        "filename": "apps\\api\\tests\\integration\\test_cross_tenant_negative.py",
        "hashed_secret": "3c72abbe626f27d174d80fc434b851cce7bde6d3",
        "is_verified": false,
        "line_number": 18
      },
      {
        "type": "Basic Auth Credentials",
        "filename": "apps\\api\\tests\\integration\\test_cross_tenant_negative.py",
        "hashed_secret": "329bd326e693b6cd252d84f8def9fd37d000f934",
        "is_verified": false,
        "line_number": 20
      }
    ],
    "apps\\api\\tests\\integration\\test_csat.py": [
      {
        "type": "Basic Auth Credentials",
        "filename": "apps\\api\\tests\\integration\\test_csat.py",
        "hashed_secret": "3c72abbe626f27d174d80fc434b851cce7bde6d3",
        "is_verified": false,
        "line_number": 38
      },
      {
        "type": "Basic Auth Credentials",
        "filename": "apps\\api\\tests\\integration\\test_csat.py",
        "hashed_secret": "329bd326e693b6cd252d84f8def9fd37d000f934",
        "is_verified": false,
        "line_number": 40
      }
    ],
    "apps\\api\\tests\\integration\\test_customer_answer_roundtrip.py": [
      {
        "type": "Basic Auth Credentials",
        "filename": "apps\\api\\tests\\integration\\test_customer_answer_roundtrip.py",
        "hashed_secret": "3c72abbe626f27d174d80fc434b851cce7bde6d3",
        "is_verified": false,
        "line_number": 36
      }
    ],
    "apps\\api\\tests\\integration\\test_dead_letters.py": [
      {
        "type": "Basic Auth Credentials",
        "filename": "apps\\api\\tests\\integration\\test_dead_letters.py",
        "hashed_secret": "3c72abbe626f27d174d80fc434b851cce7bde6d3",
        "is_verified": false,
        "line_number": 33
      },
      {
        "type": "Basic Auth Credentials",
        "filename": "apps\\api\\tests\\integration\\test_dead_letters.py",
        "hashed_secret": "329bd326e693b6cd252d84f8def9fd37d000f934",
        "is_verified": false,
        "line_number": 35
      }
    ],
    "apps\\api\\tests\\integration\\test_e2e_acceptance.py": [
      {
        "type": "Basic Auth Credentials",
        "filename": "apps\\api\\tests\\integration\\test_e2e_acceptance.py",
        "hashed_secret": "3c72abbe626f27d174d80fc434b851cce7bde6d3",
        "is_verified": false,
        "line_number": 34
      },
      {
        "type": "Basic Auth Credentials",
        "filename": "apps\\api\\tests\\integration\\test_e2e_acceptance.py",
        "hashed_secret": "329bd326e693b6cd252d84f8def9fd37d000f934",
        "is_verified": false,
        "line_number": 36
      },
      {
        "type": "Secret Keyword",
        "filename": "apps\\api\\tests\\integration\\test_e2e_acceptance.py",
        "hashed_secret": "74be580591a720759fe01c66fe7e5dbdcb54fe35",
        "is_verified": false,
        "line_number": 37
      }
    ],
    "apps\\api\\tests\\integration\\test_emotion_handoff.py": [
      {
        "type": "Basic Auth Credentials",
        "filename": "apps\\api\\tests\\integration\\test_emotion_handoff.py",
        "hashed_secret": "3c72abbe626f27d174d80fc434b851cce7bde6d3",
        "is_verified": false,
        "line_number": 35
      },
      {
        "type": "Basic Auth Credentials",
        "filename": "apps\\api\\tests\\integration\\test_emotion_handoff.py",
        "hashed_secret": "329bd326e693b6cd252d84f8def9fd37d000f934",
        "is_verified": false,
        "line_number": 37
      }
    ],
    "apps\\api\\tests\\integration\\test_failure_injection.py": [
      {
        "type": "Basic Auth Credentials",
        "filename": "apps\\api\\tests\\integration\\test_failure_injection.py",
        "hashed_secret": "3c72abbe626f27d174d80fc434b851cce7bde6d3",
        "is_verified": false,
        "line_number": 47
      },
      {
        "type": "Basic Auth Credentials",
        "filename": "apps\\api\\tests\\integration\\test_failure_injection.py",
        "hashed_secret": "329bd326e693b6cd252d84f8def9fd37d000f934",
        "is_verified": false,
        "line_number": 49
      }
    ],
    "apps\\api\\tests\\integration\\test_feature_flags.py": [
      {
        "type": "Basic Auth Credentials",
        "filename": "apps\\api\\tests\\integration\\test_feature_flags.py",
        "hashed_secret": "3c72abbe626f27d174d80fc434b851cce7bde6d3",
        "is_verified": false,
        "line_number": 26
      },
      {
        "type": "Basic Auth Credentials",
        "filename": "apps\\api\\tests\\integration\\test_feature_flags.py",
        "hashed_secret": "329bd326e693b6cd252d84f8def9fd37d000f934",
        "is_verified": false,
        "line_number": 28
      }
    ],
    "apps\\api\\tests\\integration\\test_hybrid_retrieval.py": [
      {
        "type": "Basic Auth Credentials",
        "filename": "apps\\api\\tests\\integration\\test_hybrid_retrieval.py",
        "hashed_secret": "3c72abbe626f27d174d80fc434b851cce7bde6d3",
        "is_verified": false,
        "line_number": 21
      },
      {
        "type": "Basic Auth Credentials",
        "filename": "apps\\api\\tests\\integration\\test_hybrid_retrieval.py",
        "hashed_secret": "329bd326e693b6cd252d84f8def9fd37d000f934",
        "is_verified": false,
        "line_number": 23
      }
    ],
    "apps\\api\\tests\\integration\\test_identity_admin.py": [
      {
        "type": "Basic Auth Credentials",
        "filename": "apps\\api\\tests\\integration\\test_identity_admin.py",
        "hashed_secret": "3c72abbe626f27d174d80fc434b851cce7bde6d3",
        "is_verified": false,
        "line_number": 19
      }
    ],
    "apps\\api\\tests\\integration\\test_inbox_reclaim.py": [
      {
        "type": "Basic Auth Credentials",
        "filename": "apps\\api\\tests\\integration\\test_inbox_reclaim.py",
        "hashed_secret": "3c72abbe626f27d174d80fc434b851cce7bde6d3",
        "is_verified": false,
        "line_number": 26
      }
    ],
    "apps\\api\\tests\\integration\\test_inbox_worker_isolation.py": [
      {
        "type": "Basic Auth Credentials",
        "filename": "apps\\api\\tests\\integration\\test_inbox_worker_isolation.py",
        "hashed_secret": "3c72abbe626f27d174d80fc434b851cce7bde6d3",
        "is_verified": false,
        "line_number": 42
      }
    ],
    "apps\\api\\tests\\integration\\test_ingestion_worker.py": [
      {
        "type": "Basic Auth Credentials",
        "filename": "apps\\api\\tests\\integration\\test_ingestion_worker.py",
        "hashed_secret": "3c72abbe626f27d174d80fc434b851cce7bde6d3",
        "is_verified": false,
        "line_number": 45
      },
      {
        "type": "Basic Auth Credentials",
        "filename": "apps\\api\\tests\\integration\\test_ingestion_worker.py",
        "hashed_secret": "329bd326e693b6cd252d84f8def9fd37d000f934",
        "is_verified": false,
        "line_number": 49
      }
    ],
    "apps\\api\\tests\\integration\\test_intent_distribution.py": [
      {
        "type": "Basic Auth Credentials",
        "filename": "apps\\api\\tests\\integration\\test_intent_distribution.py",
        "hashed_secret": "3c72abbe626f27d174d80fc434b851cce7bde6d3",
        "is_verified": false,
        "line_number": 29
      },
      {
        "type": "Basic Auth Credentials",
        "filename": "apps\\api\\tests\\integration\\test_intent_distribution.py",
        "hashed_secret": "329bd326e693b6cd252d84f8def9fd37d000f934",
        "is_verified": false,
        "line_number": 31
      }
    ],
    "apps\\api\\tests\\integration\\test_internal_draft_mode.py": [
      {
        "type": "Basic Auth Credentials",
        "filename": "apps\\api\\tests\\integration\\test_internal_draft_mode.py",
        "hashed_secret": "3c72abbe626f27d174d80fc434b851cce7bde6d3",
        "is_verified": false,
        "line_number": 36
      },
      {
        "type": "Basic Auth Credentials",
        "filename": "apps\\api\\tests\\integration\\test_internal_draft_mode.py",
        "hashed_secret": "329bd326e693b6cd252d84f8def9fd37d000f934",
        "is_verified": false,
        "line_number": 38
      }
    ],
    "apps\\api\\tests\\integration\\test_issue_categories.py": [
      {
        "type": "Basic Auth Credentials",
        "filename": "apps\\api\\tests\\integration\\test_issue_categories.py",
        "hashed_secret": "3c72abbe626f27d174d80fc434b851cce7bde6d3",
        "is_verified": false,
        "line_number": 32
      },
      {
        "type": "Basic Auth Credentials",
        "filename": "apps\\api\\tests\\integration\\test_issue_categories.py",
        "hashed_secret": "329bd326e693b6cd252d84f8def9fd37d000f934",
        "is_verified": false,
        "line_number": 34
      }
    ],
    "apps\\api\\tests\\integration\\test_journey_case_lifecycle.py": [
      {
        "type": "Basic Auth Credentials",
        "filename": "apps\\api\\tests\\integration\\test_journey_case_lifecycle.py",
        "hashed_secret": "3c72abbe626f27d174d80fc434b851cce7bde6d3",
        "is_verified": false,
        "line_number": 33
      },
      {
        "type": "Basic Auth Credentials",
        "filename": "apps\\api\\tests\\integration\\test_journey_case_lifecycle.py",
        "hashed_secret": "329bd326e693b6cd252d84f8def9fd37d000f934",
        "is_verified": false,
        "line_number": 35
      }
    ],
    "apps\\api\\tests\\integration\\test_knowledge_acl.py": [
      {
        "type": "Basic Auth Credentials",
        "filename": "apps\\api\\tests\\integration\\test_knowledge_acl.py",
        "hashed_secret": "3c72abbe626f27d174d80fc434b851cce7bde6d3",
        "is_verified": false,
        "line_number": 20
      },
      {
        "type": "Basic Auth Credentials",
        "filename": "apps\\api\\tests\\integration\\test_knowledge_acl.py",
        "hashed_secret": "329bd326e693b6cd252d84f8def9fd37d000f934",
        "is_verified": false,
        "line_number": 22
      }
    ],
    "apps\\api\\tests\\integration\\test_knowledge_documents.py": [
      {
        "type": "Basic Auth Credentials",
        "filename": "apps\\api\\tests\\integration\\test_knowledge_documents.py",
        "hashed_secret": "3c72abbe626f27d174d80fc434b851cce7bde6d3",
        "is_verified": false,
        "line_number": 34
      },
      {
        "type": "Secret Keyword",
        "filename": "apps\\api\\tests\\integration\\test_knowledge_documents.py",
        "hashed_secret": "bc565f6e909ec7d3c18e2ff5d9eeb2300ff20b7f",
        "is_verified": false,
        "line_number": 562
      }
    ],
    "apps\\api\\tests\\integration\\test_knowledge_gaps.py": [
      {
        "type": "Basic Auth Credentials",
        "filename": "apps\\api\\tests\\integration\\test_knowledge_gaps.py",
        "hashed_secret": "3c72abbe626f27d174d80fc434b851cce7bde6d3",
        "is_verified": false,
        "line_number": 36
      },
      {
        "type": "Basic Auth Credentials",
        "filename": "apps\\api\\tests\\integration\\test_knowledge_gaps.py",
        "hashed_secret": "329bd326e693b6cd252d84f8def9fd37d000f934",
        "is_verified": false,
        "line_number": 38
      }
    ],
    "apps\\api\\tests\\integration\\test_knowledge_models.py": [
      {
        "type": "Basic Auth Credentials",
        "filename": "apps\\api\\tests\\integration\\test_knowledge_models.py",
        "hashed_secret": "3c72abbe626f27d174d80fc434b851cce7bde6d3",
        "is_verified": false,
        "line_number": 18
      },
      {
        "type": "Basic Auth Credentials",
        "filename": "apps\\api\\tests\\integration\\test_knowledge_models.py",
        "hashed_secret": "329bd326e693b6cd252d84f8def9fd37d000f934",
        "is_verified": false,
        "line_number": 20
      }
    ],
    "apps\\api\\tests\\integration\\test_leak_analysis.py": [
      {
        "type": "Basic Auth Credentials",
        "filename": "apps\\api\\tests\\integration\\test_leak_analysis.py",
        "hashed_secret": "3c72abbe626f27d174d80fc434b851cce7bde6d3",
        "is_verified": false,
        "line_number": 32
      }
    ],
    "apps\\api\\tests\\integration\\test_m2_http_api.py": [
      {
        "type": "Basic Auth Credentials",
        "filename": "apps\\api\\tests\\integration\\test_m2_http_api.py",
        "hashed_secret": "3c72abbe626f27d174d80fc434b851cce7bde6d3",
        "is_verified": false,
        "line_number": 39
      },
      {
        "type": "Secret Keyword",
        "filename": "apps\\api\\tests\\integration\\test_m2_http_api.py",
        "hashed_secret": "c6074a378f5827b9b90f58db5f32dc5530179aef",
        "is_verified": false,
        "line_number": 542
      }
    ],
    "apps\\api\\tests\\integration\\test_membership_resolution.py": [
      {
        "type": "Basic Auth Credentials",
        "filename": "apps\\api\\tests\\integration\\test_membership_resolution.py",
        "hashed_secret": "3c72abbe626f27d174d80fc434b851cce7bde6d3",
        "is_verified": false,
        "line_number": 47
      },
      {
        "type": "Basic Auth Credentials",
        "filename": "apps\\api\\tests\\integration\\test_membership_resolution.py",
        "hashed_secret": "329bd326e693b6cd252d84f8def9fd37d000f934",
        "is_verified": false,
        "line_number": 51
      }
    ],
    "apps\\api\\tests\\integration\\test_migration_and_performance.py": [
      {
        "type": "Basic Auth Credentials",
        "filename": "apps\\api\\tests\\integration\\test_migration_and_performance.py",
        "hashed_secret": "3c72abbe626f27d174d80fc434b851cce7bde6d3",
        "is_verified": false,
        "line_number": 43
      }
    ],
    "apps\\api\\tests\\integration\\test_multipath_retrieval_and_memory.py": [
      {
        "type": "Basic Auth Credentials",
        "filename": "apps\\api\\tests\\integration\\test_multipath_retrieval_and_memory.py",
        "hashed_secret": "3c72abbe626f27d174d80fc434b851cce7bde6d3",
        "is_verified": false,
        "line_number": 19
      }
    ],
    "apps\\api\\tests\\integration\\test_off_hours_handoff.py": [
      {
        "type": "Basic Auth Credentials",
        "filename": "apps\\api\\tests\\integration\\test_off_hours_handoff.py",
        "hashed_secret": "3c72abbe626f27d174d80fc434b851cce7bde6d3",
        "is_verified": false,
        "line_number": 28
      },
      {
        "type": "Basic Auth Credentials",
        "filename": "apps\\api\\tests\\integration\\test_off_hours_handoff.py",
        "hashed_secret": "329bd326e693b6cd252d84f8def9fd37d000f934",
        "is_verified": false,
        "line_number": 30
      }
    ],
    "apps\\api\\tests\\integration\\test_orchestrator_lease_race.py": [
      {
        "type": "Basic Auth Credentials",
        "filename": "apps\\api\\tests\\integration\\test_orchestrator_lease_race.py",
        "hashed_secret": "3c72abbe626f27d174d80fc434b851cce7bde6d3",
        "is_verified": false,
        "line_number": 34
      },
      {
        "type": "Basic Auth Credentials",
        "filename": "apps\\api\\tests\\integration\\test_orchestrator_lease_race.py",
        "hashed_secret": "329bd326e693b6cd252d84f8def9fd37d000f934",
        "is_verified": false,
        "line_number": 36
      }
    ],
    "apps\\api\\tests\\integration\\test_org_structure.py": [
      {
        "type": "Basic Auth Credentials",
        "filename": "apps\\api\\tests\\integration\\test_org_structure.py",
        "hashed_secret": "3c72abbe626f27d174d80fc434b851cce7bde6d3",
        "is_verified": false,
        "line_number": 35
      }
    ],
    "apps\\api\\tests\\integration\\test_outbox.py": [
      {
        "type": "Basic Auth Credentials",
        "filename": "apps\\api\\tests\\integration\\test_outbox.py",
        "hashed_secret": "3c72abbe626f27d174d80fc434b851cce7bde6d3",
        "is_verified": false,
        "line_number": 20
      },
      {
        "type": "Basic Auth Credentials",
        "filename": "apps\\api\\tests\\integration\\test_outbox.py",
        "hashed_secret": "329bd326e693b6cd252d84f8def9fd37d000f934",
        "is_verified": false,
        "line_number": 53
      }
    ],
    "apps\\api\\tests\\integration\\test_outbox_relay.py": [
      {
        "type": "Basic Auth Credentials",
        "filename": "apps\\api\\tests\\integration\\test_outbox_relay.py",
        "hashed_secret": "3c72abbe626f27d174d80fc434b851cce7bde6d3",
        "is_verified": false,
        "line_number": 40
      }
    ],
    "apps\\api\\tests\\integration\\test_pricing_handoff.py": [
      {
        "type": "Basic Auth Credentials",
        "filename": "apps\\api\\tests\\integration\\test_pricing_handoff.py",
        "hashed_secret": "3c72abbe626f27d174d80fc434b851cce7bde6d3",
        "is_verified": false,
        "line_number": 29
      },
      {
        "type": "Basic Auth Credentials",
        "filename": "apps\\api\\tests\\integration\\test_pricing_handoff.py",
        "hashed_secret": "329bd326e693b6cd252d84f8def9fd37d000f934",
        "is_verified": false,
        "line_number": 31
      }
    ],
    "apps\\api\\tests\\integration\\test_prompt_release.py": [
      {
        "type": "Basic Auth Credentials",
        "filename": "apps\\api\\tests\\integration\\test_prompt_release.py",
        "hashed_secret": "3c72abbe626f27d174d80fc434b851cce7bde6d3",
        "is_verified": false,
        "line_number": 43
      },
      {
        "type": "Basic Auth Credentials",
        "filename": "apps\\api\\tests\\integration\\test_prompt_release.py",
        "hashed_secret": "329bd326e693b6cd252d84f8def9fd37d000f934",
        "is_verified": false,
        "line_number": 45
      }
    ],
    "apps\\api\\tests\\integration\\test_quality_api.py": [
      {
        "type": "Basic Auth Credentials",
        "filename": "apps\\api\\tests\\integration\\test_quality_api.py",
        "hashed_secret": "3c72abbe626f27d174d80fc434b851cce7bde6d3",
        "is_verified": false,
        "line_number": 36
      }
    ],
    "apps\\api\\tests\\integration\\test_quality_metrics.py": [
      {
        "type": "Basic Auth Credentials",
        "filename": "apps\\api\\tests\\integration\\test_quality_metrics.py",
        "hashed_secret": "3c72abbe626f27d174d80fc434b851cce7bde6d3",
        "is_verified": false,
        "line_number": 28
      },
      {
        "type": "Basic Auth Credentials",
        "filename": "apps\\api\\tests\\integration\\test_quality_metrics.py",
        "hashed_secret": "329bd326e693b6cd252d84f8def9fd37d000f934",
        "is_verified": false,
        "line_number": 30
      }
    ],
    "apps\\api\\tests\\integration\\test_queue_status.py": [
      {
        "type": "Basic Auth Credentials",
        "filename": "apps\\api\\tests\\integration\\test_queue_status.py",
        "hashed_secret": "3c72abbe626f27d174d80fc434b851cce7bde6d3",
        "is_verified": false,
        "line_number": 27
      },
      {
        "type": "Basic Auth Credentials",
        "filename": "apps\\api\\tests\\integration\\test_queue_status.py",
        "hashed_secret": "329bd326e693b6cd252d84f8def9fd37d000f934",
        "is_verified": false,
        "line_number": 29
      }
    ],
    "apps\\api\\tests\\integration\\test_receipt_publishing.py": [
      {
        "type": "Basic Auth Credentials",
        "filename": "apps\\api\\tests\\integration\\test_receipt_publishing.py",
        "hashed_secret": "3c72abbe626f27d174d80fc434b851cce7bde6d3",
        "is_verified": false,
        "line_number": 31
      },
      {
        "type": "Basic Auth Credentials",
        "filename": "apps\\api\\tests\\integration\\test_receipt_publishing.py",
        "hashed_secret": "329bd326e693b6cd252d84f8def9fd37d000f934",
        "is_verified": false,
        "line_number": 33
      }
    ],
    "apps\\api\\tests\\integration\\test_redline_guard.py": [
      {
        "type": "Basic Auth Credentials",
        "filename": "apps\\api\\tests\\integration\\test_redline_guard.py",
        "hashed_secret": "3c72abbe626f27d174d80fc434b851cce7bde6d3",
        "is_verified": false,
        "line_number": 30
      },
      {
        "type": "Basic Auth Credentials",
        "filename": "apps\\api\\tests\\integration\\test_redline_guard.py",
        "hashed_secret": "329bd326e693b6cd252d84f8def9fd37d000f934",
        "is_verified": false,
        "line_number": 32
      }
    ],
    "apps\\api\\tests\\integration\\test_rerank_rollout.py": [
      {
        "type": "Basic Auth Credentials",
        "filename": "apps\\api\\tests\\integration\\test_rerank_rollout.py",
        "hashed_secret": "3c72abbe626f27d174d80fc434b851cce7bde6d3",
        "is_verified": false,
        "line_number": 30
      },
      {
        "type": "Basic Auth Credentials",
        "filename": "apps\\api\\tests\\integration\\test_rerank_rollout.py",
        "hashed_secret": "329bd326e693b6cd252d84f8def9fd37d000f934",
        "is_verified": false,
        "line_number": 32
      }
    ],
    "apps\\api\\tests\\integration\\test_retention_sweep.py": [
      {
        "type": "Basic Auth Credentials",
        "filename": "apps\\api\\tests\\integration\\test_retention_sweep.py",
        "hashed_secret": "3c72abbe626f27d174d80fc434b851cce7bde6d3",
        "is_verified": false,
        "line_number": 36
      },
      {
        "type": "Basic Auth Credentials",
        "filename": "apps\\api\\tests\\integration\\test_retention_sweep.py",
        "hashed_secret": "329bd326e693b6cd252d84f8def9fd37d000f934",
        "is_verified": false,
        "line_number": 38
      }
    ],
    "apps\\api\\tests\\integration\\test_rls_isolation.py": [
      {
        "type": "Basic Auth Credentials",
        "filename": "apps\\api\\tests\\integration\\test_rls_isolation.py",
        "hashed_secret": "329bd326e693b6cd252d84f8def9fd37d000f934",
        "is_verified": false,
        "line_number": 24
      },
      {
        "type": "Basic Auth Credentials",
        "filename": "apps\\api\\tests\\integration\\test_rls_isolation.py",
        "hashed_secret": "3c72abbe626f27d174d80fc434b851cce7bde6d3",
        "is_verified": false,
        "line_number": 28
      }
    ],
    "apps\\api\\tests\\integration\\test_saml_login.py": [
      {
        "type": "Basic Auth Credentials",
        "filename": "apps\\api\\tests\\integration\\test_saml_login.py",
        "hashed_secret": "3c72abbe626f27d174d80fc434b851cce7bde6d3",
        "is_verified": false,
        "line_number": 40
      },
      {
        "type": "Secret Keyword",
        "filename": "apps\\api\\tests\\integration\\test_saml_login.py",
        "hashed_secret": "a8ed3c4e681ba183eafb5eb67583dada3c65b1b5",
        "is_verified": false,
        "line_number": 83
      }
    ],
    "apps\\api\\tests\\integration\\test_schema_privileges.py": [
      {
        "type": "Basic Auth Credentials",
        "filename": "apps\\api\\tests\\integration\\test_schema_privileges.py",
        "hashed_secret": "3c72abbe626f27d174d80fc434b851cce7bde6d3",
        "is_verified": false,
        "line_number": 39
      }
    ],
    "apps\\api\\tests\\integration\\test_scim_provisioning.py": [
      {
        "type": "Basic Auth Credentials",
        "filename": "apps\\api\\tests\\integration\\test_scim_provisioning.py",
        "hashed_secret": "3c72abbe626f27d174d80fc434b851cce7bde6d3",
        "is_verified": false,
        "line_number": 23
      }
    ],
    "apps\\api\\tests\\integration\\test_shadow_mode.py": [
      {
        "type": "Basic Auth Credentials",
        "filename": "apps\\api\\tests\\integration\\test_shadow_mode.py",
        "hashed_secret": "3c72abbe626f27d174d80fc434b851cce7bde6d3",
        "is_verified": false,
        "line_number": 30
      },
      {
        "type": "Basic Auth Credentials",
        "filename": "apps\\api\\tests\\integration\\test_shadow_mode.py",
        "hashed_secret": "329bd326e693b6cd252d84f8def9fd37d000f934",
        "is_verified": false,
        "line_number": 32
      }
    ],
    "apps\\api\\tests\\integration\\test_sla_escalation.py": [
      {
        "type": "Basic Auth Credentials",
        "filename": "apps\\api\\tests\\integration\\test_sla_escalation.py",
        "hashed_secret": "3c72abbe626f27d174d80fc434b851cce7bde6d3",
        "is_verified": false,
        "line_number": 38
      },
      {
        "type": "Basic Auth Credentials",
        "filename": "apps\\api\\tests\\integration\\test_sla_escalation.py",
        "hashed_secret": "329bd326e693b6cd252d84f8def9fd37d000f934",
        "is_verified": false,
        "line_number": 42
      }
    ],
    "apps\\api\\tests\\integration\\test_sla_policies.py": [
      {
        "type": "Basic Auth Credentials",
        "filename": "apps\\api\\tests\\integration\\test_sla_policies.py",
        "hashed_secret": "3c72abbe626f27d174d80fc434b851cce7bde6d3",
        "is_verified": false,
        "line_number": 27
      },
      {
        "type": "Basic Auth Credentials",
        "filename": "apps\\api\\tests\\integration\\test_sla_policies.py",
        "hashed_secret": "329bd326e693b6cd252d84f8def9fd37d000f934",
        "is_verified": false,
        "line_number": 29
      }
    ],
    "apps\\api\\tests\\integration\\test_support_timeline_card.py": [
      {
        "type": "Basic Auth Credentials",
        "filename": "apps\\api\\tests\\integration\\test_support_timeline_card.py",
        "hashed_secret": "3c72abbe626f27d174d80fc434b851cce7bde6d3",
        "is_verified": false,
        "line_number": 35
      }
    ],
    "apps\\api\\tests\\integration\\test_tenant_branding.py": [
      {
        "type": "Basic Auth Credentials",
        "filename": "apps\\api\\tests\\integration\\test_tenant_branding.py",
        "hashed_secret": "3c72abbe626f27d174d80fc434b851cce7bde6d3",
        "is_verified": false,
        "line_number": 17
      }
    ],
    "apps\\api\\tests\\integration\\test_tenant_domains.py": [
      {
        "type": "Basic Auth Credentials",
        "filename": "apps\\api\\tests\\integration\\test_tenant_domains.py",
        "hashed_secret": "3c72abbe626f27d174d80fc434b851cce7bde6d3",
        "is_verified": false,
        "line_number": 33
      }
    ],
    "apps\\api\\tests\\integration\\test_tenant_usage.py": [
      {
        "type": "Basic Auth Credentials",
        "filename": "apps\\api\\tests\\integration\\test_tenant_usage.py",
        "hashed_secret": "3c72abbe626f27d174d80fc434b851cce7bde6d3",
        "is_verified": false,
        "line_number": 17
      }
    ],
    "apps\\api\\tests\\unit\\identity\\test_auth_strategy.py": [
      {
        "type": "Secret Keyword",
        "filename": "apps\\api\\tests\\unit\\identity\\test_auth_strategy.py",
        "hashed_secret": "fe1bae27cb7c1fb823f496f286e78f1d2ae87734",
        "is_verified": false,
        "line_number": 31
      }
    ],
    "apps\\api\\tests\\unit\\identity\\test_saml.py": [
      {
        "type": "Secret Keyword",
        "filename": "apps\\api\\tests\\unit\\identity\\test_saml.py",
        "hashed_secret": "fe1bae27cb7c1fb823f496f286e78f1d2ae87734",
        "is_verified": false,
        "line_number": 38
      },
      {
        "type": "Secret Keyword",
        "filename": "apps\\api\\tests\\unit\\identity\\test_saml.py",
        "hashed_secret": "96b3be4e6e0261ff097a911e2c79d8cd74f4f907",
        "is_verified": false,
        "line_number": 43
      }
    ],
    "apps\\api\\tests\\unit\\test_tracing.py": [
      {
        "type": "Hex High Entropy String",
        "filename": "apps\\api\\tests\\unit\\test_tracing.py",
        "hashed_secret": "b1775a785f09a6ebaf2dc33d6eaeb98974d9cdb8",
        "is_verified": false,
        "line_number": 37
      },
      {
        "type": "Hex High Entropy String",
        "filename": "apps\\api\\tests\\unit\\test_tracing.py",
        "hashed_secret": "47784580758b20256793a484ce89c74d6724936c",
        "is_verified": false,
        "line_number": 57
      },
      {
        "type": "Secret Keyword",
        "filename": "apps\\api\\tests\\unit\\test_tracing.py",
        "hashed_secret": "cba7d8d926ee837cf3f92636a6d1cd0eb397db64",
        "is_verified": false,
        "line_number": 67
      },
      {
        "type": "Secret Keyword",
        "filename": "apps\\api\\tests\\unit\\test_tracing.py",
        "hashed_secret": "fb0123cbab73d8a58896fbe39b8b7b5b6df15c5e",
        "is_verified": false,
        "line_number": 230
      }
    ],
    "apps\\api\\tests\\unit\\tool_gateway\\test_gateway.py": [
      {
        "type": "Secret Keyword",
        "filename": "apps\\api\\tests\\unit\\tool_gateway\\test_gateway.py",
        "hashed_secret": "fb0123cbab73d8a58896fbe39b8b7b5b6df15c5e",
        "is_verified": false,
        "line_number": 159
      },
      {
        "type": "Secret Keyword",
        "filename": "apps\\api\\tests\\unit\\tool_gateway\\test_gateway.py",
        "hashed_secret": "f3bbbd66a63d4bf1747940578ec3d0103530e21d",
        "is_verified": false,
        "line_number": 160
      }
    ],
    "infra\\compose\\docker-compose.yml": [
      {
        "type": "Secret Keyword",
        "filename": "infra\\compose\\docker-compose.yml",
        "hashed_secret": "3c72abbe626f27d174d80fc434b851cce7bde6d3",
        "is_verified": false,
        "line_number": 9
      },
      {
        "type": "Secret Keyword",
        "filename": "infra\\compose\\docker-compose.yml",
        "hashed_secret": "bc565f6e909ec7d3c18e2ff5d9eeb2300ff20b7f",
        "is_verified": false,
        "line_number": 38
      },
      {
        "type": "Secret Keyword",
        "filename": "infra\\compose\\docker-compose.yml",
        "hashed_secret": "d033e22ae348aeb5660fc2140aec35850c4da997",
        "is_verified": false,
        "line_number": 63
      },
      {
        "type": "Basic Auth Credentials",
        "filename": "infra\\compose\\docker-compose.yml",
        "hashed_secret": "3c72abbe626f27d174d80fc434b851cce7bde6d3",
        "is_verified": false,
        "line_number": 87
      },
      {
        "type": "Secret Keyword",
        "filename": "infra\\compose\\docker-compose.yml",
        "hashed_secret": "ce8c74ce64b55dc94183540aac1aee68fd6d27ad",
        "is_verified": false,
        "line_number": 89
      }
    ],
    "infra\\kubernetes\\10-configmap.yaml": [
      {
        "type": "Basic Auth Credentials",
        "filename": "infra\\kubernetes\\10-configmap.yaml",
        "hashed_secret": "7205a0abf00d1daec13c63ece029057c974795a9",
        "is_verified": false,
        "line_number": 19
      }
    ],
    "infra\\kubernetes\\11-secret.example.yaml": [
      {
        "type": "Secret Keyword",
        "filename": "infra\\kubernetes\\11-secret.example.yaml",
        "hashed_secret": "92a07a703cab6f853d54f7b90064842e110c62bf",
        "is_verified": false,
        "line_number": 23
      },
      {
        "type": "Secret Keyword",
        "filename": "infra\\kubernetes\\11-secret.example.yaml",
        "hashed_secret": "3ea737241ec38e60e6d7ff3368c9f179fb51145c",
        "is_verified": false,
        "line_number": 26
      },
      {
        "type": "Secret Keyword",
        "filename": "infra\\kubernetes\\11-secret.example.yaml",
        "hashed_secret": "045e7944d313b0be386ffdf8096599c0278e8361",
        "is_verified": false,
        "line_number": 27
      },
      {
        "type": "Secret Keyword",
        "filename": "infra\\kubernetes\\11-secret.example.yaml",
        "hashed_secret": "46d5d891d424135d8d890bd38ba6b42207c5866c",
        "is_verified": false,
        "line_number": 29
      },
      {
        "type": "Basic Auth Credentials",
        "filename": "infra\\kubernetes\\11-secret.example.yaml",
        "hashed_secret": "b7cc0748b4282ace5f9aeec50119802557985cc5",
        "is_verified": false,
        "line_number": 46
      }
    ],
    "infra\\kubernetes\\60-ingress.yaml": [
      {
        "type": "Secret Keyword",
        "filename": "infra\\kubernetes\\60-ingress.yaml",
        "hashed_secret": "5da47431fe57d73c07972c1f8681068fa828dfa5",
        "is_verified": false,
        "line_number": 37
      }
    ],
    "scripts\\_audit_probe_branding.py": [
      {
        "type": "Basic Auth Credentials",
        "filename": "scripts\\_audit_probe_branding.py",
        "hashed_secret": "3c72abbe626f27d174d80fc434b851cce7bde6d3",
        "is_verified": false,
        "line_number": 43
      }
    ],
    "scripts\\concurrency_probe.py": [
      {
        "type": "Basic Auth Credentials",
        "filename": "scripts\\concurrency_probe.py",
        "hashed_secret": "3c72abbe626f27d174d80fc434b851cce7bde6d3",
        "is_verified": false,
        "line_number": 11
      }
    ],
    "scripts\\run_eval.py": [
      {
        "type": "Basic Auth Credentials",
        "filename": "scripts\\run_eval.py",
        "hashed_secret": "3c72abbe626f27d174d80fc434b851cce7bde6d3",
        "is_verified": false,
        "line_number": 104
      },
      {
        "type": "Basic Auth Credentials",
        "filename": "scripts\\run_eval.py",
        "hashed_secret": "329bd326e693b6cd252d84f8def9fd37d000f934",
        "is_verified": false,
        "line_number": 108
      }
    ],
    "scripts\\seed_admin_demo.py": [
      {
        "type": "Basic Auth Credentials",
        "filename": "scripts\\seed_admin_demo.py",
        "hashed_secret": "3c72abbe626f27d174d80fc434b851cce7bde6d3",
        "is_verified": false,
        "line_number": 56
      }
    ],
    "scripts\\seed_huaqiu.py": [
      {
        "type": "Basic Auth Credentials",
        "filename": "scripts\\seed_huaqiu.py",
        "hashed_secret": "3c72abbe626f27d174d80fc434b851cce7bde6d3",
        "is_verified": false,
        "line_number": 46
      }
    ],
    "tests\\e2e\\e2e_ingestion_minio.py": [
      {
        "type": "Secret Keyword",
        "filename": "tests\\e2e\\e2e_ingestion_minio.py",
        "hashed_secret": "bc565f6e909ec7d3c18e2ff5d9eeb2300ff20b7f",
        "is_verified": false,
        "line_number": 14
      },
      {
        "type": "Basic Auth Credentials",
        "filename": "tests\\e2e\\e2e_ingestion_minio.py",
        "hashed_secret": "3c72abbe626f27d174d80fc434b851cce7bde6d3",
        "is_verified": false,
        "line_number": 32
      },
      {
        "type": "Basic Auth Credentials",
        "filename": "tests\\e2e\\e2e_ingestion_minio.py",
        "hashed_secret": "329bd326e693b6cd252d84f8def9fd37d000f934",
        "is_verified": false,
        "line_number": 33
      }
    ]
  },
  "generated_at": "2026-09-23T15:56:43Z"
}
